{
  "results": [
    {
      "balance": 0,
      "fade": 0,
      "levels_dbfs": [
        -36.99006450367374,
        -36.99006450367374,
        -36.99006450367374,
        -36.99006450367374
      ]
    },
    {
      "balance": 50,
      "fade": -50,
      "levels_dbfs": [
        -43.0106644256785,
        -36.99006450367374,
        -49.03126434775854,
        -43.0106644256785
      ]
    },
    {
      "balance": 0,
      "fade": 0,
      "levels_dbfs": [
        -36.99006450367374,
        -36.99006450367374,
        -36.99006450367374,
        -36.99006450367374
      ]
    }
  ],
  "measured_attenuation_db": [
    -6.020599922004756,
    0.0,
    -12.041199844084794,
    -6.020599922004756
  ],
  "gate": "passed"
}
